Script started on Thu Feb  3 18:22:50 2022

The default interactive shell is now zsh.
To update your account to use zsh, please run `chsh -s /bin/zsh`.
For more details, please visit https://support.apple.com/kb/HT208050.
[?1034hbash-3.2$ cd P[Cri[K[K[K[K[K[Kcd Primer-Repositorio/
bash: cd: Primer-Repositorio/: No such file or directory
bash-3.2$ cd P[Kd[KDes[K[K[K[K[K[Kcd[K[Kls
0_procesos.py		multiprocessing.txt	primero.txt
1_procesos.py		multiprocessing01.txt	pruebaPRPL.py
bash-3.2$ python3 1_procesos.py 
fin
fin
fin
fin
fin
fin
fin
fin
fin
fin
adios
adios
adios
hola soy ana 1 vuelta 0
hola soy ana 0 vuelta 0
hola soy ana 5 vuelta 0
hola soy ana 6 vuelta 0
adios
adios
adios
hola soy ana 7 vuelta 0
hola soy ana 2 vuelta 0
adios
hola soy ana 7 vuelta 1
adios
adios
hola soy ana 8 vuelta 0
hola soy ana 3 vuelta 0
hola soy ana 4 vuelta 0
adios
hola soy ana 9 vuelta 0
hola soy ana 5 vuelta 1
hola soy ana 8 vuelta 1
hola soy ana 2 vuelta 1
hola soy ana 6 vuelta 1
hola soy ana 0 vuelta 1
hola soy ana 7 vuelta 2
hola soy ana 4 vuelta 1
hola soy ana 8 vuelta 2
hola soy ana 1 vuelta 1
hola soy ana 3 vuelta 1
hola soy ana 2 vuelta 2
hola soy ana 5 vuelta 2
hola soy ana 9 vuelta 1
hola soy ana 6 vuelta 2
hola soy ana 3 vuelta 2
hola soy ana 0 vuelta 2
hola soy ana 4 vuelta 2
hola soy ana 1 vuelta 2
hola soy ana 9 vuelta 2
bash-3.2$ git add 1_procesos.py 
bash-3.2$ git commit -m "ejecucion_1procesos"
[main 6e4800d] ejecucion_1procesos
 Committer: Siria Catherine IÃ±iguez Brito <cati@Air-de-Siria.home>
Your name and email address were configured automatically based
on your username and hostname. Please check that they are accurate.
You can suppress this message by setting them explicitly:

    git config --global user.name "Your Name"
    git config --global user.email you@example.com

After doing this, you may fix the identity used for this commit with:

    git commit --amend --reset-author

 1 file changed, 29 insertions(+)
 create mode 100644 1_procesos.py
bash-3.2$ git push
Enumerating objects: 4, done.
Counting objects:  25% (1/4)Counting objects:  50% (2/4)Counting objects:  75% (3/4)Counting objects: 100% (4/4)Counting objects: 100% (4/4), done.
Delta compression using up to 4 threads
Compressing objects:  33% (1/3)Compressing objects:  66% (2/3)Compressing objects: 100% (3/3)Compressing objects: 100% (3/3), done.
Writing objects:  33% (1/3)Writing objects:  66% (2/3)Writing objects: 100% (3/3)Writing objects: 100% (3/3), 623 bytes | 623.00 KiB/s, done.
Total 3 (delta 1), reused 0 (delta 0), pack-reused 0
remote: Resolving deltas:   0% (0/1)[Kremote: Resolving deltas: 100% (1/1)[Kremote: Resolving deltas: 100% (1/1), completed with 1 local object.[K
To github.com:Siria-Iniguez/Primer-Repositorio.git
   7e342f2..6e4800d  main -> main
bash-3.2$ git add multiprocessing